(---------------------------------------------------------------------)
(                                                                     )
(    Allegro Netrev Import Logic                                      )
(                                                                     )
(    Drawing          : LinkingInterfaceV2_7.brd                      )
(    Software Version : 16.5S031                                      )
(    Date/Time        : Sun Jun 07 16:51:33 2015                      )
(                                                                     )
(---------------------------------------------------------------------)


------ Directives ------

RIPUP_ETCH FALSE;
RIPUP_DELETE_FIRST_SEGMENT FALSE;
RIPUP_RETAIN_BONDWIRE FALSE;
RIPUP_SYMBOLS ALWAYS;
Missing symbol has error FALSE;
SCHEMATIC_DIRECTORY 'W:/Amateur Radio/Admin/Clubs/UCSC ARC/LinkingInterface_V2_7/LinkingInterface_V2_7_ProjectFiles/LinkingInterface_V2_7/linkinginterface/linkinginterface';
BOARD_DIRECTORY '';
OLD_BOARD_NAME 'W:/Amateur Radio/Admin/Clubs/UCSC ARC/LinkingInterface_V2_7/LinkingInterface_V2_7_ProjectFiles/LinkingInterface_V2_7/linkinginterface/linkinginterface/pcb/LinkingInterfaceV2_7.brd';
NEW_BOARD_NAME 'W:/Amateur Radio/Admin/Clubs/UCSC ARC/LinkingInterface_V2_7/LinkingInterface_V2_7_ProjectFiles/LinkingInterface_V2_7/linkinginterface/linkinginterface/pcb/LinkingInterfaceV2_7.brd';

CmdLine: netrev -$ -i W:/Amateur Radio/Admin/Clubs/UCSC ARC/LinkingInterface_V2_7/LinkingInterface_V2_7_ProjectFiles/LinkingInterface_V2_7/linkinginterface/linkinginterface -y 1 W:/Amateur Radio/Admin/Clubs/UCSC ARC/LinkingInterface_V2_7/LinkingInterface_V2_7_ProjectFiles/LinkingInterface_V2_7/linkinginterface/linkinginterface/pcb/#Taaaahj02908.tmp

------ Preparing to read pst files ------

Starting to read W:/Amateur Radio/Admin/Clubs/UCSC ARC/LinkingInterface_V2_7/LinkingInterface_V2_7_ProjectFiles/LinkingInterface_V2_7/linkinginterface/linkinginterface/pstchip.dat 
   Finished reading W:/Amateur Radio/Admin/Clubs/UCSC ARC/LinkingInterface_V2_7/LinkingInterface_V2_7_ProjectFiles/LinkingInterface_V2_7/linkinginterface/linkinginterface/pstchip.dat (00:00:00.30)
Starting to read W:/Amateur Radio/Admin/Clubs/UCSC ARC/LinkingInterface_V2_7/LinkingInterface_V2_7_ProjectFiles/LinkingInterface_V2_7/linkinginterface/linkinginterface/pstxprt.dat 
   Finished reading W:/Amateur Radio/Admin/Clubs/UCSC ARC/LinkingInterface_V2_7/LinkingInterface_V2_7_ProjectFiles/LinkingInterface_V2_7/linkinginterface/linkinginterface/pstxprt.dat (00:00:00.00)
Starting to read W:/Amateur Radio/Admin/Clubs/UCSC ARC/LinkingInterface_V2_7/LinkingInterface_V2_7_ProjectFiles/LinkingInterface_V2_7/linkinginterface/linkinginterface/pstxnet.dat 
   Finished reading W:/Amateur Radio/Admin/Clubs/UCSC ARC/LinkingInterface_V2_7/LinkingInterface_V2_7_ProjectFiles/LinkingInterface_V2_7/linkinginterface/linkinginterface/pstxnet.dat (00:00:00.02)

------ Oversights/Warnings/Errors ------


------ Library Paths ------
MODULEPATH =  . 
           C:/Cadence/SPB_16.5/share/local/pcb/modules 

PSMPATH =  W:/Amateur Radio/Admin/Clubs/UCSC ARC/LinkingInterface_V2_7/LinkingInterface_V2_7_ProjectFiles/LinkingInterface_V2_7/linkinginterface/lib/symbols/ 
           . 
           symbols 
           .. 
           ../symbols 
           C:/Cadence/SPB_16.5/share/local/pcb/symbols 
           C:/Cadence/SPB_16.5/share/pcb/pcb_lib_orcad/symbols/SOJ 
           C:/Cadence/SPB_16.5/share/pcb/allegrolib/symbols 
           //Wandererii/c/Academic/Ucsc/2013 - 2014/2 - 2014 Winter/CMPE167 W14/Lab/CMPE167Labs/Lab3/Hardware/Lib/symbols 

PADPATH =  . 
           symbols 
           .. 
           ../symbols 
           C:/Cadence/SPB_16.5/share/local/pcb/padstacks 
           C:/Cadence/SPB_16.5/share/pcb/pcb_lib_orcad/padstacks 
           C:/Cadence/SPB_16.5/share/pcb/allegrolib/symbols 
           W:/Amateur Radio/Admin/Clubs/UCSC ARC/LinkingInterface_V2_7/LinkingInterface_V2_7_ProjectFiles/LinkingInterface_V2_7/linkinginterface/lib/padstacks/ 


------ Summary Statistics ------


netrev run on Jun 7 16:51:33 2015
   DESIGN NAME : 'AUDIOLINKINGINTERFACE'
   PACKAGING ON Mar 26 2012 19:10:13

   COMPILE 'logic'
   CHECK_PIN_NAMES OFF
   CROSS_REFERENCE OFF
   FEEDBACK OFF
   INCREMENTAL OFF
   INTERFACE_TYPE PHYSICAL
   MAX_ERRORS 500
   MERGE_MINIMUM 5
   NET_NAME_CHARS '#%&()*+-./:=>?@[]^_`|'
   NET_NAME_LENGTH 24
   OVERSIGHTS ON
   REPLACE_CHECK OFF
   SINGLE_NODE_NETS ON
   SPLIT_MINIMUM 0
   SUPPRESS   20
   WARNINGS ON

 No error detected
 No oversight detected
 No warning detected

cpu time      0:02:27
elapsed time  0:00:01

